{
    "committer": {
        "login": "lunny",
        "email": "xiaolunwen@gmail.com"
    },
    "link": "https://try.gitea.io/api/v1/repos/gitea/gitea/git/commits/c43399cad8766ee521b873a32c1652407c5a4630",
 	"sha": "c43399cad8766ee521b873a32c1652407c5a4630"
}